.. _l_rstintro: http://docutils.sourceforge.net/docs/ref/rst/introduction.html
.. _l_rstspecs: http://docutils.sourceforge.net/docs/ref/rst/restructuredtext.html


.. _Web Audio API: https://developer.mozilla.org/en-US/docs/Web/API/Web_Audio_API

.. _Insertable Stream Explain: https://github.com/w3c/webrtc-encoded-transform/blob/main/explainer.md

.. _webrtc-encoded-transform: https://w3c.github.io/webrtc-encoded-transform/

.. _Signaling and video calling: https://developer.mozilla.org/en-US/docs/Web/API/WebRTC_API/Signaling_and_video_calling

.. _Opus: ../3.media/opus.html

.. _JSEP: https://datatracker.ietf.org/doc/html/rfc8829

.. _SDP: https://datatracker.ietf.org/doc/html/rfc4566

.. _ICE: https://datatracker.ietf.org/doc/html/rfc8445

.. _WebRTC 1.0: https://www.w3.org/TR/webrtc

.. _WebIDL: https://webidl.spec.whatwg.org/

.. _WebIDL Checker: https://w3c.github.io/webidl2.js/checker/

.. _MDN WebRTC API: https://developer.mozilla.org/en-US/docs/Web/API/WebRTC_API

.. _W3C Media Capture and Streams Spec: https://www.w3.org/TR/mediacapture-streams

.. _W3C Screen Capture Spec: https://w3c.github.io/mediacapture-screen-share/

.. _Web Codec Spec: https://wicg.github.io/web-codecs/

.. _Web Transport Spec: https://w3c.github.io/webtransport/

.. _W3C WebRTC Group: https://www.w3.org/groups/wg/webrtc

.. _WebRTC Extensions: https://w3c.github.io/webrtc-extensions/

.. _Web Codecs: https://w3c.github.io/webcodecs/ 

.. _Insertable Streams: https://w3c.github.io/webrtc-encoded-transform/

.. _Streams API Spec: https://streams.spec.whatwg.org/

.. _Streams API Concepts: https://developer.mozilla.org/en-US/docs/Web/API/Streams_API/Concepts

.. _SDP for the WebRTC: https://datatracker.ietf.org/doc/html/draft-nandakumar-rtcweb-sdp-08 

.. _GCC: https://datatracker.ietf.org/doc/html/draft-ietf-rmcat-gcc-02ƒ
.. _REMB: https://datatracker.ietf.org/doc/html/draft-alvestrand-rmcat-remb-03

.. _RFC3264: https://datatracker.ietf.org/doc/html/rfc3264 
.. _RFC3550: https://datatracker.ietf.org/doc/html/rfc3550
.. _RFC3711: https://datatracker.ietf.org/doc/html/rfc3711
.. _RFC4566: https://datatracker.ietf.org/doc/html/rfc4566
.. _RFC8445: https://datatracker.ietf.org/doc/html/rfc8445
.. _RFC7742: https://datatracker.ietf.org/doc/html/rfc7742
.. _RFC7874: https://datatracker.ietf.org/doc/html/rfc7874

.. _RFC4588: https://datatracker.ietf.org/doc/html/rfc4588

.. _RFC4585: https://datatracker.ietf.org/doc/html/rfc4585
.. _RFC5104: https://datatracker.ietf.org/doc/html/rfc5104
.. _RFC2354: https://datatracker.ietf.org/doc/html/rfc2354

.. _RFC6184: https://datatracker.ietf.org/doc/html/rfc6184

.. _WebRTC Priority API: https://www.w3.org/TR/webrtc-priority/

.. _RFC5348: https://datatracker.ietf.org/doc/html/rfc5348

.. _RFC6464: https://datatracker.ietf.org/doc/html/rfc6464
.. _RFC6465: https://datatracker.ietf.org/doc/html/rfc6465

.. _RFC8825: https://datatracker.ietf.org/doc/html/rfc8825
.. _RFC8836: https://datatracker.ietf.org/doc/html/rfc8836

.. _RFC8843: https://datatracker.ietf.org/doc/html/rfc8843
.. _RFC5865: https://datatracker.ietf.org/doc/html/rfc5865

.. _RFC5761: https://datatracker.ietf.org/doc/html/rfc5761
.. _RFC8083: https://datatracker.ietf.org/doc/html/rfc8083
.. _RFC8858: https://datatracker.ietf.org/doc/html/rfc8858
.. _RFC8860: https://datatracker.ietf.org/doc/html/rfc8860
.. _RFC8872: https://datatracker.ietf.org/doc/html/rfc8872


.. _RFC8298: https://datatracker.ietf.org/doc/html/rfc8298
.. _RFC8382: https://datatracker.ietf.org/doc/html/rfc8382
.. _RFC8593: https://datatracker.ietf.org/doc/html/rfc8593
.. _RFC8698: https://datatracker.ietf.org/doc/html/rfc8698
.. _RFC8699: https://datatracker.ietf.org/doc/html/rfc8699
.. _RFC8836: https://datatracker.ietf.org/doc/html/rfc8836
.. _RFC8867: https://datatracker.ietf.org/doc/html/rfc8867
.. _RFC8868: https://datatracker.ietf.org/doc/html/rfc8868
.. _RFC8869: https://datatracker.ietf.org/doc/html/rfc8869