.. _l_rstintro: http://docutils.sourceforge.net/docs/ref/rst/introduction.html
.. _l_rstspecs: http://docutils.sourceforge.net/docs/ref/rst/restructuredtext.html


.. _Web Audio API: https://developer.mozilla.org/en-US/docs/Web/API/Web_Audio_API

.. _Insertable Stream Explain: https://github.com/w3c/webrtc-encoded-transform/blob/main/explainer.md

.. _webrtc-encoded-transform: https://w3c.github.io/webrtc-encoded-transform/

.. _Signaling and video calling: https://developer.mozilla.org/en-US/docs/Web/API/WebRTC_API/Signaling_and_video_calling

.. _Opus: ../3.media/opus.html

.. _JSEP: https://tools.ietf.org/html/rfc8829

.. _SDP: https://tools.ietf.org/html/rfc4566

.. _ICE: https://tools.ietf.org/html/rfc8445

.. _WebRTC 1.0: https://www.w3.org/TR/webrtc

.. _WebIDL: https://webidl.spec.whatwg.org/

.. _WebIDL Checker: https://w3c.github.io/webidl2.js/checker/